// Jest Snapshot v1, https://goo.gl/fbAQLP

exports[`TodoList should render a TodoList 1`] = `undefined`;

exports[`TodoList should render a TodoList with items 1`] = `undefined`;
